<<<<<<< HEAD
136296
=======
137348
>>>>>>> 449242d (feat: hash orderinfo separately)
