<<<<<<< HEAD
142962
=======
143004
>>>>>>> use-dutch-decay-lib
