<<<<<<< HEAD
260478
=======
260608
>>>>>>> use-dutch-decay-lib
