<<<<<<< HEAD
210853
=======
210938
>>>>>>> use-dutch-decay-lib
