<<<<<<< HEAD
271651
=======
271778
>>>>>>> use-dutch-decay-lib
