<<<<<<< HEAD
166433
=======
166517
>>>>>>> use-dutch-decay-lib
