<<<<<<< HEAD
452433
=======
543591
>>>>>>> 449242d (feat: hash orderinfo separately)
