<<<<<<< HEAD
172346
=======
174482
>>>>>>> 449242d (feat: hash orderinfo separately)
