<<<<<<< HEAD
127778
=======
128604
>>>>>>> 449242d (feat: hash orderinfo separately)
