<<<<<<< HEAD
196725
=======
190411
>>>>>>> origin/main
