<<<<<<< HEAD
203898
=======
206627
>>>>>>> 449242d (feat: hash orderinfo separately)
