<<<<<<< HEAD
132318
=======
132097
>>>>>>> 449242d (feat: hash orderinfo separately)
