<<<<<<< HEAD
125178
=======
124845
>>>>>>> 449242d (feat: hash orderinfo separately)
