<<<<<<< HEAD
171808
=======
173364
>>>>>>> 449242d (feat: hash orderinfo separately)
