<<<<<<< HEAD
148188
=======
144113
>>>>>>> origin/main
