<<<<<<< HEAD
238846
=======
236470
>>>>>>> origin/main
