<<<<<<< HEAD
234480
=======
235541
>>>>>>> 449242d (feat: hash orderinfo separately)
