<<<<<<< HEAD
122924
=======
102691
>>>>>>> 449242d (feat: hash orderinfo separately)
