<<<<<<< HEAD
165333
=======
166896
>>>>>>> 449242d (feat: hash orderinfo separately)
