<<<<<<< HEAD
235258
=======
236316
>>>>>>> 449242d (feat: hash orderinfo separately)
