<<<<<<< HEAD
257614
=======
258309
>>>>>>> origin/main
