<<<<<<< HEAD
320919
=======
321088
>>>>>>> use-dutch-decay-lib
