<<<<<<< HEAD
144451
=======
144485
>>>>>>> use-dutch-decay-lib
