<<<<<<< HEAD
208848
=======
209013
>>>>>>> 449242d (feat: hash orderinfo separately)
