<<<<<<< HEAD
176717
=======
175730
>>>>>>> 449242d (feat: hash orderinfo separately)
