<<<<<<< HEAD
127601
=======
126016
>>>>>>> 449242d (feat: hash orderinfo separately)
