<<<<<<< HEAD
134749
=======
133275
>>>>>>> 449242d (feat: hash orderinfo separately)
