<<<<<<< HEAD
125355
=======
123766
>>>>>>> 449242d (feat: hash orderinfo separately)
