<<<<<<< HEAD
129887
=======
129738
>>>>>>> 449242d (feat: hash orderinfo separately)
