<<<<<<< HEAD
177272
=======
176867
>>>>>>> 449242d (feat: hash orderinfo separately)
