<<<<<<< HEAD
170250
=======
169264
>>>>>>> 449242d (feat: hash orderinfo separately)
