<<<<<<< HEAD
120030
=======
119727
>>>>>>> 449242d (feat: hash orderinfo separately)
