<<<<<<< HEAD
165606
=======
167712
>>>>>>> 449242d (feat: hash orderinfo separately)
