<<<<<<< HEAD
109522
=======
129235
>>>>>>> 449242d (feat: hash orderinfo separately)
