<<<<<<< HEAD
196274
=======
198895
>>>>>>> 449242d (feat: hash orderinfo separately)
