<<<<<<< HEAD
159469
=======
161078
>>>>>>> 449242d (feat: hash orderinfo separately)
