<<<<<<< HEAD
165950
=======
167552
>>>>>>> 449242d (feat: hash orderinfo separately)
