<<<<<<< HEAD
124882
=======
105905
>>>>>>> 449242d (feat: hash orderinfo separately)
