<<<<<<< HEAD
122284
=======
121986
>>>>>>> 449242d (feat: hash orderinfo separately)
