<<<<<<< HEAD
145852
=======
145894
>>>>>>> use-dutch-decay-lib
